
> @nimbalyst/babel@0.1.0-m0 test
> vitest run --environment node --run tests/tui-pty-input.test.ts


 RUN  v3.2.7 /Users/gengrf/Projects/babel/implementation/nimbalyst/packages/babel

 ❯ tests/tui-pty-input.test.ts (1 test | 1 failed) 6180ms
   × POSIX PTY: single Escape discards fields, keeps split input intact and restores terminal modes 6179ms
     → expected '\u001b[H\u001b[2K\u001b[36m演示数据\u001b…' to contain '编辑字段'

⎯⎯⎯⎯⎯⎯⎯ Failed Tests 1 ⎯⎯⎯⎯⎯⎯⎯

 FAIL  tests/tui-pty-input.test.ts > POSIX PTY: single Escape discards fields, keeps split input intact and restores terminal modes
AssertionError: expected '\u001b[H\u001b[2K\u001b[36m演示数据\u001b…' to contain '编辑字段'

- Expected
+ Received

- 编辑字段
+ [H[2K[36m演示数据[0m  项目:巴别塔  类型:可执行  全部任务  设备:全部  视图:默认  就绪  Hook  后续  [32m已连接[0m

+ [2K[待办 1]  进行 0   完成 0   归档 0

+ [2K[2m待办 1                       [0m [2m进行 0                       [0m [2m完成 0                       [0m [2m归档 0                       [0m 终端取消输入验证

+ [2K[7m>终端取消输入验证            [27m                                                                                           任务 · TODO · rev 1

+ [2K                                                                                                                        状态 to-do

+ [2K                                                                                                                        优先级 normal  负责人 未分配

+ [2K                                                                                                                        标签 无

+ [2K                                                                                                                        最后更新 2026-09-14T07:00:02.000Z

+ [2K                                                                                                                        执行 尚未执行

+ [2K

+ [2K                                                                                                                        依赖 无

+ [2K                                                                                                                        阻塞 无

+ [2K

+ [2K

+ [2K

+ [2K

+ [2K

+ [2K

+ [2K

+ [2K

+ [2K

+ [2K

+ [2K

+ [2K

+ [2K

+ [2K

+ [2K

+ [2K

+ [2K

+ [2K

+ [2K

+ [2K

+ [2K

+ [2K

+ [2K

+ [2K

+ [2K

+ [2K

+ [2K

+ [2K

+ [2K

+ [2Kj/k 移动  Enter 菜单  ! 关注  y 就绪  w 视图  g Hook  x/z/b/f 后续  ? 帮助  q 退出 没有选中记录                                                                 [J

 ❯ tests/tui-pty-input.test.ts:36:41
     34|     await waitFor(() => expect(frame()).toContain("终端取消输入验证"));
     35|     terminal.write("F");
     36|     await waitFor(() => expect(frame()).toContain("编辑字段"));
       |                                         ^
     37|     terminal.write("\t\x1b[200~中文未保存\x1b[");
     38|     await new Promise(resolve => setTimeout(resolve, 30));

⎯⎯⎯⎯⎯⎯⎯⎯⎯⎯⎯⎯⎯⎯⎯⎯⎯⎯⎯⎯⎯⎯⎯⎯[1/1]⎯


 Test Files  1 failed (1)
      Tests  1 failed (1)
   Start at  08:59:52
   Duration  6.43s (transform 71ms, setup 0ms, collect 91ms, tests 6.18s, environment 0ms, prepare 28ms)
